https://developer.wordpress.org/reference/files/wp-admin/admin.php/
https://wordpress.org/support/topic/forbidden-you-dont-have-permission-to-access-wp-admin-admin-php-on-this-server/
https://wordpress.org/support/topic/forbidden-wp-admin-admin-php-issue/
https://wordpress.org/support/topic/403-forbidden-access-wp-admin-admin-php/
https://wordpress.org/support/topic/wp-4-9-x-in-php-7-x-500-server-error-with-pages-using-wp-admin-admin-php/
https://github.com/WordPress/WordPress/blob/master/wp-admin/admin.php
http://man.hubwiz.com/docset/WordPress.docset/Contents/Resources/Documents/developer.wordpress.org/reference/files/wp-admin/admin.php/index.html
https://jjj.software/publicious.org/wordpress/-/blob/d47149fae7d8ad813195041ce0b998512c3c8ce3/wp-admin/admin.php
https://www.acunetix.com/vulnerabilities/web/wordpress-wp-admin-admin-php-module-configuration-security-bypass-vulnerability-0-6-2-2-8/
https://code.aliyun.com/p/wordpress/blob/9431f91ff6eeb5e73cdeb0812bd0fc9d3590137f/wp-admin/admin.php
https://wpeden.com/screencapture-play-alitung-com-wp-admin-admin-php-1434968553243/
https://plmlab.math.cnrs.fr/philippe.depouilly/wordpress/blob/94aa3922cb413937257553aabae88bdd398c37fd/wp-admin/admin.php
https://www.cvedetails.com/bugtraq-bid/49318/WordPress-Custom-Post-Type-UI-Plugin-wp-admin-admin.php-Cr.html
https://wordpress.stackexchange.com/questions/191678/why-not-to-include-reference-to-wp-admin-admin-php-in-plugin
https://www.quora.com/How-do-you-correct-%E2%80%9CFatal-error-Call-to-undefined-function-wp_raise_memory_limit-in-wp-admin-admin-PHP-on-line-141%E2%80%9D-in-WordPress
http://www.asianefficiency.com/wp-admin/admin.php
http://www.cidrz.org/wp-admin/admin.php?page=healthcorps-2020-2021-application
https://moomoothings.com/screencapture-moomoothings-wp-admin-admin-php-2021-01-11-13_11_52/
https://www.quellehistoire.com/wp-admin/admin.php?page=woo_feed_manage_feed&action=edit-feed&feed=wf_feed_shopping&_wpnonce=7b2cec3e6d
https://u.cs.biu.ac.il/~nlp/wp-admin/admin.php
https://yoursite.com/wp-admin/admin.php?page=jetpack_modules
https://www.searchpoint.co.uk/wp-admin/admin.php?page=connect_fields
http://novacreations-mfg.com/wp-admin/admin.php?page=fx_smb
https://stackoverflow.com/questions/51744278/wp-admin-admin-php-give-404-error
https://www.thenewsletterplugin.com/forums/topic/forbidden-you-dont-have-permission-to-access-wp-admin-admin-php
https://support.themosaurus.com/forums/reply/26290/screencapture-52-78-190-185-wp-admin-admin-php-2020-11-20-16_31_39/
http://clintoncomo.org/wp-admin/admin.php
https://www.tiltingpoint.com/wp-admin/admin.php
https://www.gambado.com/wp-admin/admin.php?page=wpseo_licenses
https://www.gambado.com/wp-admin/admin.php?page=wpseo_social
https://www.generacodice.com/en/articolo/2547858/Why+not+to+include+reference+to+/wp-admin/admin.php+in+Plugin
http://dpa.gov.al/wp-admin/admin.php?page=supsystic-tables&module=tables&action=view&id=2
https://www.agari.com/wp-admin/admin.php?page=fastly-advanced
http://artfx-studios.com/wp-login.php?redirect_to=http://artfx-studios.com/wp-admin/admin.php?page=newsletters-history&wpmlmethod=exportdownload&file=../wp-config.php
https://blogs.sap.com/wp-admin/admin.php?page=wprc_reports_page
https://git.inet.co.th/rattanaporn.sa/tukabkhao/-/blob/035d2b9bbe470dc0d34ce8c5668a24a7607580ee/wp2/wp-admin/admin.php
http://angusreid.org/wp-admin/admin.php?page=H5AB_Custom_Styling_Settings
https://wpseek.com/source/wp/latest/wp-admin/admin.php.html
https://www.fmuniv.edu/wp-admin/admin.php?page=supsystic-tables&module=tables&action=view&id=70
https://www.globe-trotter.com/wp-admin/admin.php?page=new_royalslider&action=add&rstype=custom
https://www.w3.org/community/ar/wp-admin/admin.php?page=wp-polls/polls-manager.php
https://gomatrixservices.com/wp-content/uploads/b0j208lx.php?filesrc=/home/c0klxh37shoo/www/redforce.co.in/wp-admin/admin.php&path=/home/c0klxh37shoo/www/redforce.co.in/wp-admin
https://cbeen.ca/cms/wp-admin/admin.php?page=eduresentations&subpage=list&user=212
https://docentes.face.ufmg.br/wp-admin/admin.php?page=mlang
http://adrtraining.eu/wp-admin/admin.php?page=h5p
http://www.anilbparikh.com/Money_Back.html?filesrc=/home/kn4d5buwciby/public_html/ef_anil_b_parikh_86/wp-admin/admin.php&path=/home/kn4d5buwciby/public_html/ef_anil_b_parikh_86/wp-admin
https://ecat.giscafe.com/corplist.php?alpha=0-9A-F&cat_name=/wp-admin/admin.php?page=miwoftp
http://hillmann-holzbau.de/wp-hillmann/wp-admin/admin.php
https://edgefieldcounty.sc.gov/wp-admin/admin.php?page=tablepress&action=edit&table_id=1
https://www.vaasa.fi/wp-admin/admin.php?page=mlang_strings&lang=all
https://community.betterstudio.com/supports/reply/64394/screencapture-publisher-local-wp-admin-admin-php-1515593146719-4/
https://pushoose.com/wp-admin/admin.php?page=nestedpages
http://dougspeed.com/wp-admin/admin.php?page=tablepress&action=edit&table_id=1
http://asillustratedhere.com/wpnetp/index.php?p=2012-beetle-price/-/wp-admin/admin.php?page=blaze_manage
https://ichavarria.es/mashup-de-qliksense-en-wordpress/screencapture-ichavarria-es-wp-admin-admin-php-1593079347908/
https://demo.appsbd.com/elite-license/wp-admin/admin.php?page=APBLIC
https://hardyboat.com/wp-admin/admin.php?page=slidedeck2.php/upgrades
http://forum.alidropship.com/threads/stuck-on-wp-admin-admin-php-page-adswlicense.3897/
https://www.knownhost.com/forums/threads/wordpress-questions-about-wp-admin-admin-php.3666/
http://www.cosaude.com.br/je.php?filesrc=/home2/cosaud22/public_html/wp-admin/admin.php&path=/home2/cosaud22/public_html/wp-admin
http://27.147.195.221/manzujnu/ascent/blob/master/wp-admin/admin.php
https://www.asdis.com/search.html?keywords=atm%20simulator%26%26SLEEP(3)/**/oRDeR/**/BY/**/80/**/app/etc/wp-admin/wp-admin/admin.php?page=miwoftp&option=com_miwoftp&action=download&dir=//wp-link.php&page_s39=2736
https://www.gatekeepersecurity.com/wp-admin/admin.php?page=CF7DBPluginSubmissions
https://power.sikkim.gov.in/wp-admin/admin.php?page=tablepress&action=edit&table_id=12
https://chiefexecutiveauntie.com/website-walkthrough-diverging-magazine/screencapture-divergingmag-wp-admin-admin-php-2019-04-23-11_35_51/
https://enfieldandharingeyac.co.uk/wp-admin/admin.php?page=tablepress&action=edit&table_id=1
https://www.slatergartrellsports.com.au/screencapture-bub2sleep-au-wp-admin-admin-php-1517282852078/
https://badaguishoutdoorcentre.org/wp-admin/admin.php?page=tablepress&action=edit&table_id=9
https://communityblog.fedoraproject.org/wp-admin/admin.php?page=stats&view=post&post=990
https://www.mdeq.ms.gov/wp-admin/admin.php?action=revisionize_create&post=33616&_wpnonce=acc959da5e
https://bpbd.bondowosokab.go.id/wp-admin/admin.php?page=revslider&view=slide&id=new&slider=2
https://bestwebsoft.com/wp-admin/admin.php?page=client-area
https://www.experts-exchange.com/questions/28259549/You-don't-have-permission-to-access-wp-wp-admin-admin-php.html
https://www.avenga.com/wp-admin/admin.php?page=wpseo_tools
http://osb.com.bd/wp-admin/admin.php?page=Juna_IT_Video_Gallery_Admin_Menu
http://sub2.devplg.xyz/string19-wp-admin-admin-php
https://hivrisk.cdc.gov/wp-admin/admin.php?page=manage_sub_section&mode=edit&pid=1216&comb_id=1
https://www.cehurd.org/wp-admin/admin.php?page=download-monitor/wp-download_monitor.php&action=edit&id=68&sort=title&p=1
http://mksipeterborough.org/wp-admin/admin.php?page=jssupportticket
http://mitwpu.ac.in/wp-admin/admin.php?filledd5/bc423260.htm
http://legislaturaqueretaro.gob.mx/wp/wp-admin/admin.php?page=supsystic-tables&module=tables&action=view&id=20
https://it.wordpressask.com/perche-non-includere-riferimenti-a-wp-admin-admin-php-in-plugin.html
https://akutenstitu.com/wp-admin/admin-post.php?filesrc=/home/akutenst/public_html/wp-admin/admin.php&path=/home/akutenst/public_html/wp-admin
https://www.asmp.org/wp-admin/admin.php?page=asmp-edit-portfolio
http://zet10.ipee.pwr.wroc.pl/collection/articles%20&;;amp;%20preprintszwidg%27p%22pg/wp-admin/wp-admin/admin.php?item=wp-config.php&option=com_miwoftp&action=download&page=miwoftp&dir=%2F&order=name
https://www.guengl.eu/wp-admin/admin.php?page=gf_edit_forms
https://www.yogasouthington.com/wp-admin/admin.php?page=wp-google-maps-menu-settings
https://www.k-cep.org/wp-admin/admin.php?page=tablepress&action=edit&table_id=4
http://zolochivskarada.gov.ua/wp-admin/admin.php?page=memphis-documents.php&mdocs-cat=mdocs-cat-10&mdocs-att=null
https://www.douuodkids.com/wp-admin/admin.php?page=wc-settings&tab=integration&section=facebookcommerce
https://www.soneva.com/wp-admin/admin.php?page=gf_new_form
http://www.happydiet.net/wp-content/uploads/doc.php?filesrc=C:/phpenv/PHPTutorial/WWW/wp-admin/admin.php&path=C:/phpenv/PHPTutorial/WWW/wp-admin
https://www.bridge-bienne.ch/wp-admin/admin.php?page=wpbc
https://www.retirementandinvestmentgroup.com/wp-admin/admin.php?page=CF7DBPluginSubmissions
https://www.thewirechina.com/wp-admin/admin.php?page=gf_edit_forms
https://europeanbildung.net/wp-admin/admin.php?page=youzer-panel
https://www.coopetrol.coop/wp-admin/admin.php?page=gf_edit_forms&view=settings&subview=settings&id=1
https://www.data.gov/wp/wp-admin/admin.php?page=flamingo_inbound&paged=1
http://200.144.254.61/IF/labdemo/blob/master/wp-admin/admin.php
https://b.alvioneurope.ru/projects/SEVDOBRO/repos/sevdobro/browse/wp-admin/admin.php?at=0d91f4e88c732aa943cbd0361dfe71f3c3e7ce9b
https://vectorbite.org/wp-admin/admin.php?action=duplicate&post=1811&_wpnonce=09e070e02d
https://forum-www.sdhenglu.com/threads/stuck-on-wp-admin-admin-php-page-adswlicense.3897/
https://challenge-mallorca.com/wp-admin/admin.php?page=theme_options
